[    0.000000] Linux version 4.15.0-213-generic (buildd@lcy02-amd64-079) (gcc version 7.5.0 (Ubuntu 7.5.0-3ubuntu1~18.04)) #224-Ubuntu SMP Mon Jun 19 13:30:12 UTC 2023 (Ubuntu 4.15.0-213.224-generic 4.15.18)
[    0.000000] Command line: BOOT_IMAGE=/boot/vmlinuz-4.15.0-213-generic root=UUID=f685bb41-0e3b-40c4-89c1-eea0f0583525 ro console=tty1 console=ttyS0
[    0.000000] KERNEL supported cpus:
[    0.000000]   Intel GenuineIntel
[    0.000000]   AMD AuthenticAMD
[    0.000000]   Centaur CentaurHauls
[    0.000000] x86/fpu: x87 FPU will use FXSAVE
[    0.000000] e820: BIOS-provided physical RAM map:
[    0.000000] BIOS-e820: [mem 0x0000000000000000-0x000000000009fbff] usable
[    0.000000] BIOS-e820: [mem 0x000000000009fc00-0x000000000009ffff] reserved
[    0.000000] BIOS-e820: [mem 0x00000000000f0000-0x00000000000fffff] reserved
[    0.000000] BIOS-e820: [mem 0x0000000000100000-0x000000003ffeffff] usable
[    0.000000] BIOS-e820: [mem 0x000000003fff0000-0x000000003fffffff] ACPI data
[    0.000000] BIOS-e820: [mem 0x00000000fec00000-0x00000000fec00fff] reserved
[    0.000000] BIOS-e820: [mem 0x00000000fee00000-0x00000000fee00fff] reserved
[    0.000000] BIOS-e820: [mem 0x00000000fffc0000-0x00000000ffffffff] reserved
[    0.000000] NX (Execute Disable) protection: active
[    0.000000] SMBIOS 2.5 present.
[    0.000000] DMI: innotek GmbH VirtualBox/VirtualBox, BIOS VirtualBox 12/01/2006
[    0.000000] Hypervisor detected: KVM
[    0.000000] e820: last_pfn = 0x3fff0 max_arch_pfn = 0x400000000
[    0.000000] x86/PAT: Configuration [0-7]: WB  WC  UC- UC  WB  WP  UC- WT  
[    0.000000] CPU MTRRs all blank - virtualized system.
[    0.000000] found SMP MP-table at [mem 0x0009fbf0-0x0009fbff]
[    0.000000] Scanning 1 areas for low memory corruption
[    0.000000] RAMDISK: [mem 0x35819000-0x36c03fff]
[    0.000000] ACPI: Early table checksum verification disabled
[    0.000000] ACPI: RSDP 0x00000000000E0000 000024 (v02 VBOX  )
[    0.000000] ACPI: XSDT 0x000000003FFF0030 00003C (v01 VBOX   VBOXXSDT 00000001 ASL  00000061)
[    0.000000] ACPI: FACP 0x000000003FFF00F0 0000F4 (v04 VBOX   VBOXFACP 00000001 ASL  00000061)
[    0.000000] ACPI: DSDT 0x000000003FFF0610 002353 (v02 VBOX   VBOXBIOS 00000002 INTL 20100528)
[    0.000000] ACPI: FACS 0x000000003FFF0200 000040
[    0.000000] ACPI: FACS 0x000000003FFF0200 000040
[    0.000000] ACPI: APIC 0x000000003FFF0240 00005C (v02 VBOX   VBOXAPIC 00000001 ASL  00000061)
[    0.000000] ACPI: SSDT 0x000000003FFF02A0 00036C (v01 VBOX   VBOXCPUT 00000002 INTL 20100528)
[    0.000000] ACPI: Reserving FACP table memory at [mem 0x3fff00f0-0x3fff01e3]
[    0.000000] ACPI: Reserving DSDT table memory at [mem 0x3fff0610-0x3fff2962]
[    0.000000] ACPI: Reserving FACS table memory at [mem 0x3fff0200-0x3fff023f]
[    0.000000] ACPI: Reserving FACS table memory at [mem 0x3fff0200-0x3fff023f]
[    0.000000] ACPI: Reserving APIC table memory at [mem 0x3fff0240-0x3fff029b]
[    0.000000] ACPI: Reserving SSDT table memory at [mem 0x3fff02a0-0x3fff060b]
[    0.000000] No NUMA configuration found
[    0.000000] Faking a node at [mem 0x0000000000000000-0x000000003ffeffff]
[    0.000000] NODE_DATA(0) allocated [mem 0x3ffc5000-0x3ffeffff]
[    0.000000] kvm-clock: cpu 0, msr 0:3ff44001, primary cpu clock
[    0.000000] kvm-clock: Using msrs 4b564d01 and 4b564d00
[    0.000000] kvm-clock: using sched offset of 6543423836 cycles
[    0.000000] clocksource: kvm-clock: mask: 0xffffffffffffffff max_cycles: 0x1cd42e4dffb, max_idle_ns: 881590591483 ns
[    0.000000] Zone ranges:
[    0.000000]   DMA      [mem 0x0000000000001000-0x0000000000ffffff]
[    0.000000]   DMA32    [mem 0x0000000001000000-0x000000003ffeffff]
[    0.000000]   Normal   empty
[    0.000000]   Device   empty
[    0.000000] Movable zone start for each node
[    0.000000] Early memory node ranges
[    0.000000]   node   0: [mem 0x0000000000001000-0x000000000009efff]
[    0.000000]   node   0: [mem 0x0000000000100000-0x000000003ffeffff]
[    0.000000] Reserved but unavailable: 104 pages
[    0.000000] Initmem setup node 0 [mem 0x0000000000001000-0x000000003ffeffff]
[    0.000000] ACPI: PM-Timer IO Port: 0x4008
[    0.000000] IOAPIC[0]: apic_id 2, version 32, address 0xfec00000, GSI 0-23
[    0.000000] ACPI: INT_SRC_OVR (bus 0 bus_irq 0 global_irq 2 dfl dfl)
[    0.000000] ACPI: INT_SRC_OVR (bus 0 bus_irq 9 global_irq 9 low level)
[    0.000000] Using ACPI (MADT) for SMP configuration information
[    0.000000] smpboot: Allowing 2 CPUs, 0 hotplug CPUs
[    0.000000] PM: Registered nosave memory: [mem 0x00000000-0x00000fff]
[    0.000000] PM: Registered nosave memory: [mem 0x0009f000-0x0009ffff]
[    0.000000] PM: Registered nosave memory: [mem 0x000a0000-0x000effff]
[    0.000000] PM: Registered nosave memory: [mem 0x000f0000-0x000fffff]
[    0.000000] e820: [mem 0x40000000-0xfebfffff] available for PCI devices
[    0.000000] Booting paravirtualized kernel on KVM
[    0.000000] clocksource: refined-jiffies: mask: 0xffffffff max_cycles: 0xffffffff, max_idle_ns: 7645519600211568 ns
[    0.000000] setup_percpu: NR_CPUS:8192 nr_cpumask_bits:2 nr_cpu_ids:2 nr_node_ids:1
[    0.000000] percpu: Embedded 50 pages/cpu s167936 r8192 d28672 u1048576
[    0.000000] PV qspinlock hash table entries: 256 (order: 0, 4096 bytes)
[    0.000000] Built 1 zonelists, mobility grouping on.  Total pages: 257913
[    0.000000] Policy zone: DMA32
[    0.000000] Kernel command line: BOOT_IMAGE=/boot/vmlinuz-4.15.0-213-generic root=UUID=f685bb41-0e3b-40c4-89c1-eea0f0583525 ro console=tty1 console=ttyS0
[    0.000000] Memory: 981776K/1048120K available (12300K kernel code, 2477K rwdata, 4324K rodata, 2480K init, 2720K bss, 66344K reserved, 0K cma-reserved)
[    0.000000] SLUB: HWalign=64, Order=0-3, MinObjects=0, CPUs=2, Nodes=1
[    0.000000] ftrace: allocating 39508 entries in 155 pages
[    0.004000] Hierarchical RCU implementation.
[    0.004000] 	RCU restricting CPUs from NR_CPUS=8192 to nr_cpu_ids=2.
[    0.004000] 	Tasks RCU enabled.
[    0.004000] RCU: Adjusting geometry for rcu_fanout_leaf=16, nr_cpu_ids=2
[    0.004000] NR_IRQS: 524544, nr_irqs: 440, preallocated irqs: 16
[    0.004000] random: crng init done
[    0.004000] Console: colour VGA+ 80x25
[    0.004000] console [tty1] enabled
[    0.004000] console [ttyS0] enabled
[    0.004000] ACPI: Core revision 20170831
[    0.004000] ACPI: 2 ACPI AML tables successfully acquired and loaded
[    0.004000] APIC: Switch to symmetric I/O mode setup
[    0.004000] ..TIMER: vector=0x30 apic1=0 pin1=2 apic2=-1 pin2=-1
[    0.004012] tsc: Detected 3302.412 MHz processor
[    0.008016] Calibrating delay loop (skipped) preset value.. 6604.82 BogoMIPS (lpj=13209648)
[    0.012011] pid_max: default: 32768 minimum: 301
[    0.016242] Security Framework initialized
[    0.020009] Yama: becoming mindful.
[    0.024194] AppArmor: AppArmor initialized
[    0.041618] Dentry cache hash table entries: 131072 (order: 8, 1048576 bytes)
[    0.048426] Inode-cache hash table entries: 65536 (order: 7, 524288 bytes)
[    0.052150] Mount-cache hash table entries: 2048 (order: 2, 16384 bytes)
[    0.056421] Mountpoint-cache hash table entries: 2048 (order: 2, 16384 bytes)
[    0.064168] Last level iTLB entries: 4KB 0, 2MB 0, 4MB 0
[    0.068008] Last level dTLB entries: 4KB 0, 2MB 0, 4MB 0, 1GB 0
[    0.072012] Spectre V1 : Mitigation: usercopy/swapgs barriers and __user pointer sanitization
[    0.076012] Spectre V2 : Mitigation: Enhanced IBRS
[    0.080010] Spectre V2 : Spectre v2 / SpectreRSB mitigation: Filling RSB on context switch
[    0.084009] Spectre V2 : Spectre v2 / PBRSB-eIBRS: Retire a single CALL on VMEXIT
[    0.088010] RETBleed: Mitigation: Enhanced IBRS
[    0.092011] Speculative Store Bypass: Vulnerable
[    0.096582] Freeing SMP alternatives memory: 36K
[    0.223679] APIC calibration not consistent with PM-Timer: 101ms instead of 100ms
[    0.224000] APIC delta adjusted to PM-Timer: 6349910 (6442848)
[    0.226396] smpboot: CPU0: Intel(R) Core(TM) Ultra 7 258V (family: 0x6, model: 0xbd, stepping: 0x1)
[    0.229031] Performance Events: unsupported p6 CPU model 189 no PMU driver, software events only.
[    0.232491] Hierarchical SRCU implementation.
[    0.237800] NMI watchdog: Perf event create on CPU 0 failed with -2
[    0.240012] NMI watchdog: Perf NMI watchdog permanently disabled
[    0.248546] smp: Bringing up secondary CPUs ...
[    0.258120] x86: Booting SMP configuration:
[    0.260014] .... node  #0, CPUs:      #1
[    0.004000] kvm-clock: cpu 1, msr 0:3ff44041, secondary cpu clock
[    0.300620] smp: Brought up 1 node, 2 CPUs
[    0.304021] smpboot: Max logical packages: 1
[    0.308050] smpboot: Total of 2 processors activated (13209.64 BogoMIPS)
[    0.320011] devtmpfs: initialized
[    0.324267] x86/mm: Memory block size: 128MB
[    0.329251] evm: security.selinux
[    0.332011] evm: security.SMACK64
[    0.336013] evm: security.SMACK64EXEC
[    0.340010] evm: security.SMACK64TRANSMUTE
[    0.344014] evm: security.SMACK64MMAP
[    0.348013] evm: security.apparmor
[    0.352012] evm: security.ima
[    0.356012] evm: security.capability
[    0.365039] clocksource: jiffies: mask: 0xffffffff max_cycles: 0xffffffff, max_idle_ns: 7645041785100000 ns
[    0.368055] futex hash table entries: 512 (order: 3, 32768 bytes)
[    0.372575] pinctrl core: initialized pinctrl subsystem
[    0.377265] RTC time:  8:39:22, date: 06/02/25
[    0.386820] NET: Registered protocol family 16
[    0.388176] audit: initializing netlink subsys (disabled)
[    0.392675] audit: type=2000 audit(1748853569.004:1): state=initialized audit_enabled=0 res=1
[    0.408027] cpuidle: using governor ladder
[    0.412061] cpuidle: using governor menu
[    0.416285] ACPI: bus type PCI registered
[    0.420057] acpiphp: ACPI Hot Plug PCI Controller Driver version: 0.5
[    0.425332] PCI: Using configuration type 1 for base access
[    0.436814] HugeTLB registered 2.00 MiB page size, pre-allocated 0 pages
[    0.444608] ACPI: Added _OSI(Module Device)
[    0.452014] ACPI: Added _OSI(Processor Device)
[    0.460009] ACPI: Added _OSI(3.0 _SCP Extensions)
[    0.468009] ACPI: Added _OSI(Processor Aggregator Device)
[    0.480014] ACPI: Added _OSI(Linux-Dell-Video)
[    0.488009] ACPI: Added _OSI(Linux-Lenovo-NV-HDMI-Audio)
[    0.496012] ACPI: Added _OSI(Linux-HPI-Hybrid-Graphics)
[    0.505180] ACPI: Executed 1 blocks of module-level executable AML code
[    0.523704] ACPI: Interpreter enabled
[    0.532078] ACPI: (supports S0 S5)
[    0.536008] ACPI: Using IOAPIC for interrupt routing
[    0.544609] PCI: Using host bridge windows from ACPI; if necessary, use "pci=nocrs" and report a bug
[    0.560379] ACPI: Enabled 2 GPEs in block 00 to 07
[    0.579753] ACPI: PCI Root Bridge [PCI0] (domain 0000 [bus 00-ff])
[    0.592023] acpi PNP0A03:00: _OSC: OS supports [ASPM ClockPM Segments MSI]
[    0.601863] acpi PNP0A03:00: _OSC: not requesting OS control; OS requires [ExtendedConfig ASPM ClockPM MSI]
[    0.616028] acpi PNP0A03:00: fail to add MMCONFIG information, can't access extended PCI configuration space under this bridge.
[    0.629037] PCI host bridge to bus 0000:00
[    0.636014] pci_bus 0000:00: root bus resource [io  0x0000-0x0cf7 window]
[    0.648011] pci_bus 0000:00: root bus resource [io  0x0d00-0xffff window]
[    0.656010] pci_bus 0000:00: root bus resource [mem 0x000a0000-0x000bffff window]
[    0.668011] pci_bus 0000:00: root bus resource [mem 0x40000000-0xfdffffff window]
[    0.676011] pci_bus 0000:00: root bus resource [bus 00-ff]
[    0.697240] pci 0000:00:01.1: legacy IDE quirk: reg 0x10: [io  0x01f0-0x01f7]
[    0.728016] pci 0000:00:01.1: legacy IDE quirk: reg 0x14: [io  0x03f6]
[    0.756012] pci 0000:00:01.1: legacy IDE quirk: reg 0x18: [io  0x0170-0x0177]
[    0.772016] pci 0000:00:01.1: legacy IDE quirk: reg 0x1c: [io  0x0376]
[    0.822252] pci 0000:00:07.0: quirk: [io  0x4000-0x403f] claimed by PIIX4 ACPI
[    0.840076] pci 0000:00:07.0: quirk: [io  0x4100-0x410f] claimed by PIIX4 SMB
[    0.863305] ACPI: PCI Interrupt Link [LNKA] (IRQs 5 9 10 *11)
[    0.880666] ACPI: PCI Interrupt Link [LNKB] (IRQs 5 9 *10 11)
[    0.900783] ACPI: PCI Interrupt Link [LNKC] (IRQs 5 *9 10 11)
[    0.916424] ACPI: PCI Interrupt Link [LNKD] (IRQs 5 9 10 *11)
[    0.935664] SCSI subsystem initialized
[    0.944447] pci 0000:00:02.0: vgaarb: setting as boot VGA device
[    0.948000] pci 0000:00:02.0: vgaarb: VGA device added: decodes=io+mem,owns=io+mem,locks=none
[    0.992017] pci 0000:00:02.0: vgaarb: bridge control possible
[    1.008013] vgaarb: loaded
[    1.020134] ACPI: bus type USB registered
[    1.036056] usbcore: registered new interface driver usbfs
[    1.060136] usbcore: registered new interface driver hub
[    1.080040] usbcore: registered new device driver usb
[    1.100689] EDAC MC: Ver: 3.0.0
[    1.117877] PCI: Using ACPI for IRQ routing
[    1.133196] NetLabel: Initializing
[    1.148012] NetLabel:  domain hash size = 128
[    1.160010] NetLabel:  protocols = UNLABELED CIPSOv4 CALIPSO
[    1.188565] NetLabel:  unlabeled traffic allowed by default
[    1.212494] clocksource: Switched to clocksource kvm-clock
[    1.350726] VFS: Disk quotas dquot_6.6.0
[    1.360956] VFS: Dquot-cache hash table entries: 512 (order 0, 4096 bytes)
[    1.379429] AppArmor: AppArmor Filesystem Enabled
[    1.391864] pnp: PnP ACPI init
[    1.406363] pnp: PnP ACPI: found 3 devices
[    1.432282] clocksource: acpi_pm: mask: 0xffffff max_cycles: 0xffffff, max_idle_ns: 2085701024 ns
[    1.447109] NET: Registered protocol family 2
[    1.458579] IP idents hash table entries: 16384 (order: 5, 131072 bytes)
[    1.471025] TCP established hash table entries: 8192 (order: 4, 65536 bytes)
[    1.485219] TCP bind hash table entries: 8192 (order: 5, 131072 bytes)
[    1.498354] TCP: Hash tables configured (established 8192 bind 8192)
[    1.509164] UDP hash table entries: 512 (order: 2, 16384 bytes)
[    1.519574] UDP-Lite hash table entries: 512 (order: 2, 16384 bytes)
[    1.528531] NET: Registered protocol family 1
[    1.535793] pci 0000:00:00.0: Limiting direct PCI/PCI transfers
[    1.544611] pci 0000:00:01.0: Activating ISA DMA hang workarounds
[    1.554041] pci 0000:00:02.0: Video device with shadowed ROM at [mem 0x000c0000-0x000dffff]
[    1.567252] Unpacking initramfs...
[    2.634574] Freeing initrd memory: 20396K
[    2.634574] clocksource: tsc: mask: 0xffffffffffffffff max_cycles: 0x2f9a32777a4, max_idle_ns: 440795223205 ns
[    2.634574] platform rtc_cmos: registered platform RTC device (no PNP device found)
[    2.634574] Scanning for low memory corruption every 60 seconds
[    2.968638] Initialise system trusted keyrings
[    2.979560] Key type blacklist registered
[    2.990542] workingset: timestamp_bits=36 max_order=18 bucket_order=0
[    3.012957] zbud: loaded
[    3.022866] squashfs: version 4.0 (2009/01/31) Phillip Lougher
[    3.039472] fuse init (API version 7.26)
[    3.115688] Key type asymmetric registered
[    3.129492] Asymmetric key parser 'x509' registered
[    3.143635] Block layer SCSI generic (bsg) driver version 0.4 loaded (major 246)
[    3.165157] io scheduler noop registered
[    3.177169] io scheduler deadline registered
[    3.193160] io scheduler cfq registered (default)
[    3.215220] ACPI: AC Adapter [AC] (off-line)
[    3.227184] input: Power Button as /devices/LNXSYSTM:00/LNXPWRBN:00/input/input0
[    3.236433] ACPI: Power Button [PWRF]
[    3.242879] input: Sleep Button as /devices/LNXSYSTM:00/LNXSLPBN:00/input/input1
[    3.253192] ACPI: Sleep Button [SLPF]
[    3.270497] Serial: 8250/16550 driver, 32 ports, IRQ sharing enabled
[    3.271257] ACPI: Battery Slot [BAT0] (battery present)
[    3.349613] 00:02: ttyS0 at I/O 0x3f8 (irq = 4, base_baud = 115200) is a 16550A
[    3.371128] Linux agpgart interface v0.103
[    3.389461] loop: module loaded
[    3.405793] scsi host0: ata_piix
[    3.420004] scsi host1: ata_piix
[    3.431205] ata1: PATA max UDMA/33 cmd 0x1f0 ctl 0x3f6 bmdma 0xd000 irq 14
[    3.455518] ata2: PATA max UDMA/33 cmd 0x170 ctl 0x376 bmdma 0xd008 irq 15
[    3.479370] tun: Universal TUN/TAP device driver, 1.6
[    3.499119] PPP generic driver version 2.4.2
[    3.513871] ehci_hcd: USB 2.0 'Enhanced' Host Controller (EHCI) Driver
[    3.532382] ehci-pci: EHCI PCI platform driver
[    3.545221] ehci-platform: EHCI generic platform driver
[    3.556744] ohci_hcd: USB 1.1 'Open' Host Controller (OHCI) Driver
[    3.572640] ohci-pci: OHCI PCI platform driver
[    3.582116] ohci-platform: OHCI generic platform driver
[    3.597494] uhci_hcd: USB Universal Host Controller Interface driver
[    3.614713] i8042: PNP: PS/2 Controller [PNP0303:PS2K,PNP0f03:PS2M] at 0x60,0x64 irq 1,12
[    3.793544] serio: i8042 KBD port at 0x60,0x64 irq 1
[    3.818609] serio: i8042 AUX port at 0x60,0x64 irq 12
[    3.830491] mousedev: PS/2 mouse device common for all mice
[    3.845859] input: AT Translated Set 2 keyboard as /devices/platform/i8042/serio0/input/input2
[    3.865451] rtc_cmos rtc_cmos: rtc core: registered rtc_cmos as rtc0
[    3.886461] rtc_cmos rtc_cmos: alarms up to one day, 114 bytes nvram
[    3.900106] i2c /dev entries driver
[    4.019153] device-mapper: uevent: version 1.0.3
[    4.144483] device-mapper: ioctl: 4.37.0-ioctl (2017-09-20) initialised: dm-devel@redhat.com
[    4.193018] ledtrig-cpu: registered to indicate activity on CPUs
[    4.207562] NET: Registered protocol family 10
[    4.231011] Segment Routing with IPv6
[    4.237560] NET: Registered protocol family 17
[    4.245768] Key type dns_resolver registered
[    4.253389] mce: Using 0 MCE banks
[    4.259110] RAS: Correctable Errors collector initialized.
[    4.267114] sched_clock: Marking stable (4266105517, 0)->(6305736327, -2039630810)
[    4.288483] registered taskstats version 1
[    4.294912] Loading compiled-in X.509 certificates
[    4.311619] Loaded X.509 cert 'Build time autogenerated kernel key: cdc7189136aaa35407544516090e2034d9c28e14'
[    4.327416] Loaded X.509 cert 'Canonical Ltd. Live Patch Signing: 14df34d1a87cf37625abec039ef2bf521249b969'
[    4.340076] Loaded X.509 cert 'Canonical Ltd. Kernel Module Signing: 88f752e560a1e0737e31163a466ad7b70a850c19'
[    4.354611] blacklist: Loading compiled-in revocation X.509 certificates
[    4.364624] Loaded X.509 cert 'Canonical Ltd. Secure Boot Signing: 61482aa2830d0ab2ad5af10b7250da9033ddcef0'
[    4.379297] Loaded X.509 cert 'Canonical Ltd. Secure Boot Signing (2017): 242ade75ac4a15e50d50c84b0d45ff3eae707a03'
[    4.392597] Loaded X.509 cert 'Canonical Ltd. Secure Boot Signing (ESM 2018): 365188c1d374d6b07c3c8f240f8ef722433d6a8b'
[    4.404987] Loaded X.509 cert 'Canonical Ltd. Secure Boot Signing (2019): c0746fd6c5da3ae827864651ad66ae47fe24b3e8'
[    4.415923] Loaded X.509 cert 'Canonical Ltd. Secure Boot Signing (2021 v1): a8d54bbb3825cfb94fa13c9f8a594a195c107b8d'
[    4.428219] Loaded X.509 cert 'Canonical Ltd. Secure Boot Signing (2021 v2): 4cf046892d6fd3c9a5b03f98d845f90851dc6a8c'
[    4.438595] Loaded X.509 cert 'Canonical Ltd. Secure Boot Signing (2021 v3): 100437bb6de6e469b581e61cd66bce3ef4ed53af'
[    4.450977] Loaded X.509 cert 'Canonical Ltd. Secure Boot Signing (Ubuntu Core 2019): c1d57b8f6b743f23ee41f4f7ee292f06eecadfb9'
[    4.463315] zswap: loaded using pool lzo/zbud
[    4.482307] Key type big_key registered
[    4.487213] Key type trusted registered
[    4.499611] Key type encrypted registered
[    4.504649] AppArmor: AppArmor sha1 policy hashing enabled
[    4.510623] ima: No TPM chip found, activating TPM-bypass! (rc=-19)
[    4.518041] ima: Allocated hash algorithm: sha1
[    4.523676] evm: HMAC attrs: 0x1
[    4.529090]   Magic number: 13:129:674
[    4.534332] rtc_cmos rtc_cmos: setting system clock to 2025-06-02 08:39:27 UTC (1748853567)
[    4.544423] BIOS EDD facility v0.16 2004-Jun-25, 0 devices found
[    4.550713] EDD information not available.
[    4.559140] Freeing unused kernel image memory: 2480K
[    4.591893] Write protecting the kernel read-only data: 20480k
[    4.601790] Freeing unused kernel image memory: 2008K
[    4.610352] Freeing unused kernel image memory: 1820K
[    4.623244] x86/mm: Checked W+X mappings: passed, no W+X pages found.
Loading, please wait...
starting version 237
[    4.882522] e1000: Intel(R) PRO/1000 Network Driver - version 7.3.21-k8-NAPI
[    4.899828] e1000: Copyright (c) 1999-2006 Intel Corporation.
[    4.946589] Fusion MPT base driver 3.04.20
[    4.955785] Copyright (c) 1999-2008 LSI Corporation
[    5.060910] SSE version of gcm_enc/dec engaged.
[    5.074781] Fusion MPT SPI Host driver 3.04.20
[    5.216768] input: ImExPS/2 Generic Explorer Mouse as /devices/platform/i8042/serio1/input/input4
[    6.507362] e1000 0000:00:03.0 eth0: (PCI:33MHz:32-bit) 02:3b:7b:b7:3b:2d
[    6.532606] e1000 0000:00:03.0 eth0: Intel(R) PRO/1000 Network Connection
[    6.564120] e1000 0000:00:03.0 enp0s3: renamed from eth0
[    6.580887] mptbase: ioc0: Initiating bringup
[    6.743451] ioc0: LSI53C1030 A0: Capabilities={Initiator}
[    7.071398] scsi host2: ioc0: LSI53C1030 A0, FwRev=00000000h, Ports=1, MaxQ=256, IRQ=20
[    7.277663] scsi 2:0:0:0: Direct-Access     VBOX     HARDDISK         1.0  PQ: 0 ANSI: 5
[    7.344255] scsi target2:0:0: Beginning Domain Validation
[    7.423372] scsi target2:0:0: Domain Validation skipping write tests
[    7.447124] scsi target2:0:0: Ending Domain Validation
[    7.461556] scsi target2:0:0: asynchronous
[    7.473739] scsi 2:0:1:0: Direct-Access     VBOX     HARDDISK         1.0  PQ: 0 ANSI: 5
[    7.520400] scsi target2:0:1: Beginning Domain Validation
[    7.551372] scsi target2:0:1: Domain Validation skipping write tests
[    7.567737] scsi target2:0:1: Ending Domain Validation
[    7.586938] scsi target2:0:1: asynchronous
[    7.647335] sd 2:0:0:0: Attached scsi generic sg0 type 0
[    7.649259] sd 2:0:0:0: [sda] 83886080 512-byte logical blocks: (42.9 GB/40.0 GiB)
[    7.686788] sd 2:0:0:0: [sda] Write Protect is off
[    7.686986] sd 2:0:1:0: Attached scsi generic sg1 type 0
[    7.718861] sd 2:0:1:0: [sdb] 20480 512-byte logical blocks: (10.5 MB/10.0 MiB)
[    7.733326] sd 2:0:0:0: [sda] Incomplete mode parameter data
[    7.734334] sd 2:0:1:0: [sdb] Write Protect is off
[    7.746525] sd 2:0:0:0: [sda] Assuming drive cache: write through
[    7.765942] sd 2:0:1:0: [sdb] Incomplete mode parameter data
[    7.776437] sd 2:0:1:0: [sdb] Assuming drive cache: write through
[    7.803166]  sda: sda1
[    7.817552] sd 2:0:0:0: [sda] Attached SCSI disk
[    7.830068] sd 2:0:1:0: [sdb] Attached SCSI disk
Begin: Loading essential drivers ... [   10.608242] raid6: sse2x1   gen() 94626 MB/s
[   11.615412] raid6: sse2x1   xor() 113906 MB/s
[   13.611455] raid6: sse2x2   gen() 248552 MB/s
[   15.601080] raid6: sse2x2   xor() 151562 MB/s
[   15.675642] raid6: sse2x4   gen() 16285 MB/s
[   15.753565] raid6: sse2x4   xor()  4684 MB/s
[   15.770769] raid6: using algorithm sse2x2 gen() 248552 MB/s
[   15.787370] raid6: .... xor() 151562 MB/s, rmw enabled
[   15.803418] raid6: using ssse3x2 recovery algorithm
[   15.827098] xor: measuring software checksum speed
[   15.880736]    prefetch64-sse: 12494.000 MB/sec
[   15.932562]    generic_sse: 11271.000 MB/sec
[   15.943481] xor: using function: prefetch64-sse (12494.000 MB/sec)
[   15.962010] async_tx: api initialized (async)
done.
Begin: Running /scripts/init-premount ... done.
Begin: Mounting root file system ... Begin: Running /scripts/local-top ... done.
Begin: Running /scripts/local-premount ... [   16.095769] Btrfs loaded, crc32c=crc32c-intel
Scanning for Btrfs filesystems
done.
Begin: Will now check root file system ... fsck from util-linux 2.31.1
[/sbin/fsck.ext4 (1) -- /dev/sda1] fsck.ext4 -a -C0 /dev/sda1 
cloudimg-rootfs: clean, 113854/5120000 files, 821808/10485499 blocks
done.
[   16.328797] EXT4-fs (sda1): mounted filesystem with ordered data mode. Opts: (null)
done.
Begin: Running /scripts/local-bottom ... done.
Begin: Running /scripts/init-bottom ... done.
[   17.098086] ip_tables: (C) 2000-2006 Netfilter Core Team
[   17.164412] systemd[1]: systemd 237 running in system mode. (+PAM +AUDIT +SELINUX +IMA +APPARMOR +SMACK +SYSVINIT +UTMP +LIBCRYPTSETUP +GCRYPT +GNUTLS +ACL +XZ +LZ4 +SECCOMP +BLKID +ELFUTILS +KMOD -IDN2 +IDN -PCRE2 default-hierarchy=hybrid)
[   17.222107] systemd[1]: Detected virtualization oracle.
[   17.234910] systemd[1]: Detected architecture x86-64.

Welcome to [1mUbuntu 18.04.6 LTS[0m!

[   17.322968] systemd[1]: Set hostname to <ubuntu-bionic>.
[   18.071842] systemd[1]: Created slice System Slice.
[[0;32m  OK  [0m] Created slice System Slice.
[   18.085989] systemd[1]: Listening on /dev/initctl Compatibility Named Pipe.
[[0;32m  OK  [0m] Listening on /dev/initctl Compatibility Named Pipe.
[   18.101958] systemd[1]: Listening on LVM2 metadata daemon socket.
[[0;32m  OK  [0m] Listening on LVM2 metadata daemon socket.
[   18.127171] systemd[1]: Created slice system-serial\x2dgetty.slice.
[[0;32m  OK  [0m] Created slice system-serial\x2dgetty.slice.
[   18.146212] systemd[1]: Listening on udev Kernel Socket.
[[0;32m  OK  [0m] Listening on udev Kernel Socket.
[   18.162831] systemd[1]: Listening on LVM2 poll daemon socket.
[[0;32m  OK  [0m] Listening on LVM2 poll daemon socket.
[[0;32m  OK  [0m] Listening on Device-mapper event daemon FIFOs.
[[0;32m  OK  [0m] Created slice User and Session Slice.
[[0;32m  OK  [0m] Listening on Syslog Socket.
[[0;32m  OK  [0m] Listening on Network Service Netlink Socket.
[[0;32m  OK  [0m] Reached target Swap.
[[0;32m  OK  [0m] Listening on udev Control Socket.
[[0;32m  OK  [0m] Listening on Journal Socket (/dev/log).
[[0;32m  OK  [0m] Reached target Slices.
[[0;32m  OK  [0m] Listening on Journal Socket.
         Starting Monitoring of LVM2 mirrorsâ€¦ng dmeventd or progress polling...
         Starting Set the console keyboard layout...
         Mounting Huge Pages File System...
         Starting Create list of required stâ€¦ce nodes for the current kernel...
         Mounting POSIX Message Queue File System...
         Starting udev Coldplug all Devices...
         Mounting Kernel Debug File System...
[[0;32m  OK  [0m] Reached target System Time Synchronized.
         Starting Load Kernel Modules...
[[0;32m  OK  [0m] Set up automount Arbitrary Executabâ€¦rmats File System Automount Point.
[   18.377841] Loading iSCSI transport class v2.0-870.
[[0;32m  OK  [0m] Listening on Journal Audit Socket.
         Starting Journal Service...
[[0;32m  OK  [0m] Listening on fsck to fsckd communication Socket.
[   18.434144] iscsi: registered transport (tcp)
[[0;32m  OK  [0m] Reached target User and Group Name Lookups.
[[0;32m  OK  [0m] Started Forward Password Requests to Wall Directory Watch.
[[0;32m  OK  [0m] Reached target Mounting snaps.
         Starting Uncomplicated firewall...
[[0;32m  OK  [0m] Reached target Mounted snaps.
         Starting Remount Root and Kernel File Systems...
[[0;32m  OK  [0m] Mounted Huge Pages File System.
[[0;32m  OK  [0m] Started Create list of required staâ€¦vice nodes for the current kernel.
[[   18.569265] EXT4-fs (sda1): re-mounted. Opts: (null)
[0;32m  OK  [0m] Mounted POSIX Message Queue File System.
[[0;32m  OK  [0m] Mounted Kernel Debug File System.
[[0;32m  OK  [0m] Started Uncomplicated firewall.
[[0;32m  OK  [0m] Started Remount Root and Kernel File Systems.
[[0;32m  OK  [0m] Started LVM2 metadata daemon.[   18.697153] iscsi: registered transport (iser)

         Starting Load/Save Random Seed...
         Starting Create Static Device Nodes in /dev...
[[0;32m  OK  [0m] Started Journal Service.
[[0;32m  OK  [0m] Started Load Kernel Modules.
         Mounting FUSE Control File System...
         Mounting Kernel Configuration File System...
         Starting Apply Kernel Variables...
         Starting Flush Journal to Persistent Storage...
[[0;32m  OK  [0m] Started Monitoring of LVM2 mirrors,â€¦sing dmeventd or progress polling.
[[0;32m  OK  [0m] Started Set the console keyboard layout.
[[0;32m  OK  [0m] Started udev Coldplug all Devices.
[[0;32m  OK  [0m] Started Load/Save Random Seed.
[[0;32m  OK  [0m] Mounted FUSE Control File System.
[[0;32m  OK  [0m] Mounted Kernel Configuration File System.
[[0;32m  OK  [0m] Started Create Static Device Nodes in /dev.
[[0;32m  OK  [0m] Started Apply Kernel Variables.
         Starting udev Kernel Device Manager...
[[0;32m  OK  [0m] Reached target Local File Systems (Pre).
[[0;32m  OK  [0m] Reached target Local File Systems.
         Starting Set console font and keymap...
         Starting AppArmor initialization...
         Starting Tell Plymouth To Write Out Runtime Data...
         Starting ebtables ruleset management...
[[0;32m  OK  [0m] Started Flush Journal to Persistent Storage.
[[0;32m  OK  [0m] Started Set console font and keymap.
         Starting Create Volatile Files and Directories...
[[0;32m  OK  [0m] Started Tell Plymouth To Write Out Runtime Data.
[[0;32m  OK  [0m] Started Create Volatile Files and Directories.
         Starting Update UTMP about System Boot/Shutdown...
[[0;32m  OK  [0m] Started udev Kernel Device Manager.
[[0;32m  OK  [0m] Started Dispatch Password Requests to Console Directory Watch.
[[0;32m  OK  [0m] Reached target Local Encrypted Volumes.
[[0;32m  OK  [0m] Started Update UTMP about System Boot/Shutdown.
[[0;32m  OK  [0m] Started ebtables ruleset management.
[[0;32m  OK  [0m] Started AppArmor initialization.
         Starting Initial cloud-init job (pre-networking)...
         Starting Load AppArmor profiles managed internally by snapd...
         Mounting Arbitrary Executable File Formats File System...
[[0;32m  OK  [0m] Mounted Arbitrary Executable File Formats File System.
[[0;32m  OK  [0m] Found device /dev/ttyS0.
[[0;32m  OK  [0m] Started Load AppArmor profiles managed internally by snapd.
[[0;32m  OK  [0m] Listening on Load/Save RF Kill Switch Status /dev/rfkill Watch.
[   24.603662] cloud-init[551]: Cloud-init v. 23.1.2-0ubuntu0~18.04.1 running 'init-local' at Mon, 02 Jun 2025 08:39:47 +0000. Up 24.23 seconds.
[[0;32m  OK  [0m] Started Initial cloud-init job (pre-networking).
[[0;32m  OK  [0m] Reached target Network (Pre).
         Starting Network Service...
[[0;32m  OK  [0m] Started Network Service.
         Starting Wait for Network to be Configured...
         Starting Network Name Resolution...
[[0;32m  OK  [0m] Started Network Name Resolution.
[[0;32m  OK  [0m] Reached target Network.
[[0;32m  OK  [0m] Reached target Host and Network Name Lookups.
[[0;32m  OK  [0m] Started Wait for Network to be Configured.
         Starting Initial cloud-init job (metadata service crawler)...
[   27.455434] cloud-init[739]: Cloud-init v. 23.1.2-0ubuntu0~18.04.1 running 'init' at Mon, 02 Jun 2025 08:39:50 +0000. Up 27.17 seconds.
[   27.465775] cloud-init[739]: ci-info: +++++++++++++++++++++++++++++++++++++++++++Net device info++++++++++++++++++++++++++++++++++++++++++++
[   27.475980] cloud-init[739]: ci-info: +--------+------+---------------------------------------+---------------+--------+-------------------+
[   27.486080] cloud-init[739]: ci-info: | Device |  Up  |                Address                |      Mask     | Scope  |     Hw-Address    |
[   27.497859] cloud-init[739]: ci-info: +--------+------+---------------------------------------+---------------+--------+-------------------+
[   27.507457] cloud-init[739]: ci-info: | enp0s3 | True |               10.0.2.15               | 255.255.255.0 | global | 02:3b:7b:b7:3b:2d |
[   27.523466] cloud-init[739]: ci-info: | enp0s3 | True | fd17:625c:f037:2:3b:7bff:feb7:3b2d/64 |       .       | global | 02:3b:7b:b7:3b:2d |
[   27.535575] cloud-init[739]: ci-info: | enp0s3 | True |       fe80::3b:7bff:feb7:3b2d/64      |       .       |  link  | 02:3b:7b:b7:3b:2d |
[   27.545614] cloud-init[739]: ci-info: |   lo   | True |               127.0.0.1               |   255.0.0.0   |  host  |         .         |
[   27.554511] cloud-init[739]: ci-info: |   lo   | True |                ::1/128                |       .       |  host  |         .         |
[   27.566930] cloud-init[739]: ci-info: +--------+------+---------------------------------------+---------------+--------+-------------------+
[   27.578861] cloud-init[739]: ci-info: ++++++++++++++++++++++++++++Route IPv4 info+++++++++++++++++++++++++++++
[   27.585981] cloud-init[739]: ci-info: +-------+-------------+----------+-----------------+-----------+-------+
[   27.593396] cloud-init[739]: ci-info: | Route | Destination | Gateway  |     Genmask     | Interface | Flags |
[   27.600056] cloud-init[739]: ci-info: +-------+-------------+----------+-----------------+-----------+-------+
[   27.608076] cloud-init[739]: ci-info: |   0   |   0.0.0.0   | 10.0.2.2 |     0.0.0.0     |   enp0s3  |   UG  |
[   27.616732] cloud-init[739]: ci-info: |   1   |   10.0.2.0  | 0.0.0.0  |  255.255.255.0  |   enp0s3  |   U   |
[   27.623817] cloud-init[739]: ci-info: |   2   |   10.0.2.2  | 0.0.0.0  | 255.255.255.255 |   enp0s3  |   UH  |
[   27.631277] cloud-init[739]: ci-info: +-------+-------------+----------+-----------------+-----------+-------+
[   27.640935] cloud-init[739]: ci-info: ++++++++++++++++++++++++Route IPv6 info++++++++++++++++++++++++
[   27.649890] cloud-init[739]: ci-info: +-------+-----------------------+---------+-----------+-------+
[   27.657100] cloud-init[739]: ci-info: | Route |      Destination      | Gateway | Interface | Flags |
[   27.663457] cloud-init[739]: ci-info: +-------+-----------------------+---------+-----------+-------+
[   27.670313] cloud-init[739]: ci-info: |   1   | fd17:625c:f037:2::/64 |    ::   |   enp0s3  |   U   |
[   27.676914] cloud-init[739]: ci-info: |   2   |       fe80::/64       |    ::   |   enp0s3  |   U   |
[   27.683234] cloud-init[739]: ci-info: |   3   |          ::/0         | fe80::2 |   enp0s3  |   UG  |
[   27.689307] cloud-init[739]: ci-info: |   5   |         local         |    ::   |   enp0s3  |   U   |
[   27.695854] cloud-init[739]: ci-info: |   6   |        ff00::/8       |    ::   |   enp0s3  |   U   |
[   27.702619] cloud-init[739]: ci-info: +-------+-----------------------+---------+-----------+-------+
[[0;32m  OK  [0m] Started Initial cloud-init job (metadata service crawler).
[[0;32m  OK  [0m] Reached target Cloud-config availability.
[[0;32m  OK  [0m] Reached target System Initialization.
[[0;32m  OK  [0m] Listening on D-Bus System Message Bus Socket.
[[0;32m  OK  [0m] Listening on cloud-init hotplug hook socket.
         Starting LXD - unix socket.
[[0;32m  OK  [0m] Started Daily apt upgrade and clean activities.
[[0;32m  OK  [0m] Listening on Open-iSCSI iscsid Socket.
[[0;32m  OK  [0m] Started Message of the Day.
[[0;32m  OK  [0m] Listening on UUID daemon activation socket.
[[0;32m  OK  [0m] Started ACPI Events Check.
[[0;32m  OK  [0m] Started Ubuntu Advantage Timer for running repeated jobs.
         Starting Socket activation for snappy daemon.
[[0;32m  OK  [0m] Listening on ACPID Listen Socket.
[[0;32m  OK  [0m] Reached target Paths.
[[0;32m  OK  [0m] Started Discard unused blocks once a week.
[[0;32m  OK  [0m] Started Daily Cleanup of Temporary Directories.
[[0;32m  OK  [0m] Reached target Timers.
[[0;32m  OK  [0m] Reached target Network is Online.
[[0;32m  OK  [0m] Reached target Remote File Systems (Pre).
         Mounting /vagrant...
         Starting Availability of block devices...
[[0;32m  OK  [0m] Listening on LXD - unix socket.
[[0;32m  OK  [0m] Listening on Socket activation for snappy daemon.
[[0;32m  OK  [0m] Started Availability of block devices.
[[0;1;31mFAILED[0m] Failed to mount /vagrant.
See 'systemctl status vagrant.mount' for details.
[[0;1;33mDEPEND[0m] Dependency failed for Remote File Systems.
[[0;32m  OK  [0m] Reached target Sockets.
[[0;32m  OK  [0m] Reached target Basic System.
         Starting vboxadd.service...
[[0;32m  OK  [0m] Reached target Login Prompts (Pre).
         Starting Permit User Sessions...
         Starting Dispatcher daemon for systemd-networkd...
         Starting System Logging Service...
[[0;32m  OK  [0m] Started Regular background program processing daemon.
         Starting Login Service...
         Starting LSB: Record successful boot for GRUB...
[[0;32m  OK  [0m] Started FUSE filesystem for LXC.
         Starting Snap Daemon...
[[0;32m  OK  [0m] Started Deferred execution scheduler.
         Starting Accounts Service...
[[0;32m  OK  [0m] Started irqbalance daemon.
[[0;32m  OK  [0m] Started D-Bus System Message Bus.
[[0;32m  OK  [0m] Started Login Service.
[[0;32m  OK  [0m] Started Unattended Upgrades Shutdown.
         Starting LSB: automatic crash report generation...
         Starting OpenBSD Secure Shell server...
         Starting LXD - container startup/shutdown...
[[0;32m  OK  [0m] Started System Logging Service.
[[0;32m  OK  [0m] Started Permit User Sessions.
[[0;32m  OK  [0m] Started Dispatcher daemon for systemd-networkd.
         Starting Authorization Manager...
         Starting Hostname Service...
         Starting Terminate Plymouth Boot Screen...
         Starting Hold until boot process finishes up...
[[0;32m  OK  [0m] Started Hold until boot process finishes up.
[[0;32m  OK  [0m] Started LSB: Record successful boot for GRUB.
[[0;32m  OK  [0m] Started Serial Getty on ttyS0.
         Starting Set console scheme...
[[0;32m  OK  [0m] Started Terminate Plymouth Boot Screen.
[[0;32m  OK  [0m] Started Set console scheme.
[[0;32m  OK  [0m] Created slice system-getty.slice.
[[0;32m  OK  [0m] Started Getty on tty1.
[[0;32m  OK  [0m] Reached target Login Prompts.
[[0;32m  OK  [0m] Started LSB: automatic crash report generation.
[[0;32m  OK  [0m] Started OpenBSD Secure Shell server.
[[0;32m  OK  [0m] Started Hostname Service.
[[0;32m  OK  [0m] Started Authorization Manager.
[[0;32m  OK  [0m] Started Accounts Service.
[[0;32m  OK  [0m] Started LXD - container startup/shutdown.
[[0;32m  OK  [0m] Started vboxadd.service.
         Starting vboxadd-service.service...
[[0;32m  OK  [0m] Created slice User Slice of vagrant.
         Starting User Manager for UID 1000...
[[0;32m  OK  [0m] Started Session 1 of user vagrant.
[[0;32m  OK  [0m] Started vboxadd-service.service.
[[0;32m  OK  [0m] Started User Manager for UID 1000.
[[0;32m  OK  [0m] Started Snap Daemon.
         Starting Wait until snapd is fully seeded...
         Starting Time & Date Service...
[[0;32m  OK  [0m] Started Time & Date Service.
[[0;32m  OK  [0m] Started Wait until snapd is fully seeded.
         Starting Apply the settings specified in cloud-config...
[   33.678202] cloud-init[1350]: Cloud-init v. 23.1.2-0ubuntu0~18.04.1 running 'modules:config' at Mon, 02 Jun 2025 08:39:56 +0000. Up 33.40 seconds.
[[0;32m  OK  [0m] Started Apply the settings specified in cloud-config.
[[0;32m  OK  [0m] Reached target Multi-User System.
         Starting Execute cloud user/final scripts...
[[0;32m  OK  [0m] Reached target Graphical Interface.
         Starting Update UTMP about System Runlevel Changes...
[[0;32m  OK  [0m] Started Update UTMP about System Runlevel Changes.
[   34.678841] cloud-init[1447]: Cloud-init v. 23.1.2-0ubuntu0~18.04.1 running 'modules:final' at Mon, 02 Jun 2025 08:39:57 +0000. Up 34.46 seconds.
[   34.688030] cloud-init[1447]: Cloud-init v. 23.1.2-0ubuntu0~18.04.1 finished at Mon, 02 Jun 2025 08:39:57 +0000. Datasource DataSourceNoCloud [seed=/dev/sdb][dsmode=net].  Up 34.66 seconds
[[0;32m  OK  [0m] Started Execute cloud user/final scripts.
[[0;32m  OK  [0m] Reached target Cloud-init target.

Ubuntu 18.04.6 LTS ubuntu-bionic ttyS0

ubuntu-bionic login: 