[    0.000000] Linux version 4.15.0-213-generic (buildd@lcy02-amd64-079) (gcc version 7.5.0 (Ubuntu 7.5.0-3ubuntu1~18.04)) #224-Ubuntu SMP Mon Jun 19 13:30:12 UTC 2023 (Ubuntu 4.15.0-213.224-generic 4.15.18)
[    0.000000] Command line: BOOT_IMAGE=/boot/vmlinuz-4.15.0-213-generic root=UUID=f685bb41-0e3b-40c4-89c1-eea0f0583525 ro console=tty1 console=ttyS0
[    0.000000] KERNEL supported cpus:
[    0.000000]   Intel GenuineIntel
[    0.000000]   AMD AuthenticAMD
[    0.000000]   Centaur CentaurHauls
[    0.000000] x86/fpu: x87 FPU will use FXSAVE
[    0.000000] e820: BIOS-provided physical RAM map:
[    0.000000] BIOS-e820: [mem 0x0000000000000000-0x000000000009fbff] usable
[    0.000000] BIOS-e820: [mem 0x000000000009fc00-0x000000000009ffff] reserved
[    0.000000] BIOS-e820: [mem 0x00000000000f0000-0x00000000000fffff] reserved
[    0.000000] BIOS-e820: [mem 0x0000000000100000-0x000000003ffeffff] usable
[    0.000000] BIOS-e820: [mem 0x000000003fff0000-0x000000003fffffff] ACPI data
[    0.000000] BIOS-e820: [mem 0x00000000fec00000-0x00000000fec00fff] reserved
[    0.000000] BIOS-e820: [mem 0x00000000fee00000-0x00000000fee00fff] reserved
[    0.000000] BIOS-e820: [mem 0x00000000fffc0000-0x00000000ffffffff] reserved
[    0.000000] NX (Execute Disable) protection: active
[    0.000000] SMBIOS 2.5 present.
[    0.000000] DMI: innotek GmbH VirtualBox/VirtualBox, BIOS VirtualBox 12/01/2006
[    0.000000] Hypervisor detected: KVM
[    0.000000] e820: last_pfn = 0x3fff0 max_arch_pfn = 0x400000000
[    0.000000] x86/PAT: Configuration [0-7]: WB  WC  UC- UC  WB  WP  UC- WT  
[    0.000000] CPU MTRRs all blank - virtualized system.
[    0.000000] found SMP MP-table at [mem 0x0009fbf0-0x0009fbff]
[    0.000000] Scanning 1 areas for low memory corruption
[    0.000000] RAMDISK: [mem 0x35819000-0x36c03fff]
[    0.000000] ACPI: Early table checksum verification disabled
[    0.000000] ACPI: RSDP 0x00000000000E0000 000024 (v02 VBOX  )
[    0.000000] ACPI: XSDT 0x000000003FFF0030 00003C (v01 VBOX   VBOXXSDT 00000001 ASL  00000061)
[    0.000000] ACPI: FACP 0x000000003FFF00F0 0000F4 (v04 VBOX   VBOXFACP 00000001 ASL  00000061)
[    0.000000] ACPI: DSDT 0x000000003FFF0610 002353 (v02 VBOX   VBOXBIOS 00000002 INTL 20100528)
[    0.000000] ACPI: FACS 0x000000003FFF0200 000040
[    0.000000] ACPI: FACS 0x000000003FFF0200 000040
[    0.000000] ACPI: APIC 0x000000003FFF0240 00005C (v02 VBOX   VBOXAPIC 00000001 ASL  00000061)
[    0.000000] ACPI: SSDT 0x000000003FFF02A0 00036C (v01 VBOX   VBOXCPUT 00000002 INTL 20100528)
[    0.000000] ACPI: Reserving FACP table memory at [mem 0x3fff00f0-0x3fff01e3]
[    0.000000] ACPI: Reserving DSDT table memory at [mem 0x3fff0610-0x3fff2962]
[    0.000000] ACPI: Reserving FACS table memory at [mem 0x3fff0200-0x3fff023f]
[    0.000000] ACPI: Reserving FACS table memory at [mem 0x3fff0200-0x3fff023f]
[    0.000000] ACPI: Reserving APIC table memory at [mem 0x3fff0240-0x3fff029b]
[    0.000000] ACPI: Reserving SSDT table memory at [mem 0x3fff02a0-0x3fff060b]
[    0.000000] No NUMA configuration found
[    0.000000] Faking a node at [mem 0x0000000000000000-0x000000003ffeffff]
[    0.000000] NODE_DATA(0) allocated [mem 0x3ffc5000-0x3ffeffff]
[    0.000000] kvm-clock: cpu 0, msr 0:3ff44001, primary cpu clock
[    0.000000] kvm-clock: Using msrs 4b564d01 and 4b564d00
[    0.000000] kvm-clock: using sched offset of 4972002834 cycles
[    0.000000] clocksource: kvm-clock: mask: 0xffffffffffffffff max_cycles: 0x1cd42e4dffb, max_idle_ns: 881590591483 ns
[    0.000000] Zone ranges:
[    0.000000]   DMA      [mem 0x0000000000001000-0x0000000000ffffff]
[    0.000000]   DMA32    [mem 0x0000000001000000-0x000000003ffeffff]
[    0.000000]   Normal   empty
[    0.000000]   Device   empty
[    0.000000] Movable zone start for each node
[    0.000000] Early memory node ranges
[    0.000000]   node   0: [mem 0x0000000000001000-0x000000000009efff]
[    0.000000]   node   0: [mem 0x0000000000100000-0x000000003ffeffff]
[    0.000000] Reserved but unavailable: 104 pages
[    0.000000] Initmem setup node 0 [mem 0x0000000000001000-0x000000003ffeffff]
[    0.000000] ACPI: PM-Timer IO Port: 0x4008
[    0.000000] IOAPIC[0]: apic_id 2, version 32, address 0xfec00000, GSI 0-23
[    0.000000] ACPI: INT_SRC_OVR (bus 0 bus_irq 0 global_irq 2 dfl dfl)
[    0.000000] ACPI: INT_SRC_OVR (bus 0 bus_irq 9 global_irq 9 low level)
[    0.000000] Using ACPI (MADT) for SMP configuration information
[    0.000000] smpboot: Allowing 2 CPUs, 0 hotplug CPUs
[    0.000000] PM: Registered nosave memory: [mem 0x00000000-0x00000fff]
[    0.000000] PM: Registered nosave memory: [mem 0x0009f000-0x0009ffff]
[    0.000000] PM: Registered nosave memory: [mem 0x000a0000-0x000effff]
[    0.000000] PM: Registered nosave memory: [mem 0x000f0000-0x000fffff]
[    0.000000] e820: [mem 0x40000000-0xfebfffff] available for PCI devices
[    0.000000] Booting paravirtualized kernel on KVM
[    0.000000] clocksource: refined-jiffies: mask: 0xffffffff max_cycles: 0xffffffff, max_idle_ns: 7645519600211568 ns
[    0.000000] setup_percpu: NR_CPUS:8192 nr_cpumask_bits:2 nr_cpu_ids:2 nr_node_ids:1
[    0.000000] percpu: Embedded 50 pages/cpu s167936 r8192 d28672 u1048576
[    0.000000] PV qspinlock hash table entries: 256 (order: 0, 4096 bytes)
[    0.000000] Built 1 zonelists, mobility grouping on.  Total pages: 257913
[    0.000000] Policy zone: DMA32
[    0.000000] Kernel command line: BOOT_IMAGE=/boot/vmlinuz-4.15.0-213-generic root=UUID=f685bb41-0e3b-40c4-89c1-eea0f0583525 ro console=tty1 console=ttyS0
[    0.000000] Memory: 981776K/1048120K available (12300K kernel code, 2477K rwdata, 4324K rodata, 2480K init, 2720K bss, 66344K reserved, 0K cma-reserved)
[    0.000000] SLUB: HWalign=64, Order=0-3, MinObjects=0, CPUs=2, Nodes=1
[    0.000000] ftrace: allocating 39508 entries in 155 pages
[    0.004000] Hierarchical RCU implementation.
[    0.004000] 	RCU restricting CPUs from NR_CPUS=8192 to nr_cpu_ids=2.
[    0.004000] 	Tasks RCU enabled.
[    0.004000] RCU: Adjusting geometry for rcu_fanout_leaf=16, nr_cpu_ids=2
[    0.004000] NR_IRQS: 524544, nr_irqs: 440, preallocated irqs: 16
[    0.004000] random: crng init done
[    0.004000] Console: colour VGA+ 80x25
[    0.004000] console [tty1] enabled
[    0.004000] console [ttyS0] enabled
[    0.004000] ACPI: Core revision 20170831
[    0.004000] ACPI: 2 ACPI AML tables successfully acquired and loaded
[    0.004000] APIC: Switch to symmetric I/O mode setup
[    0.004000] ..TIMER: vector=0x30 apic1=0 pin1=2 apic2=-1 pin2=-1
[    0.004018] tsc: Detected 3302.412 MHz processor
[    0.008021] Calibrating delay loop (skipped) preset value.. 6604.82 BogoMIPS (lpj=13209648)
[    0.012014] pid_max: default: 32768 minimum: 301
[    0.016395] Security Framework initialized
[    0.020017] Yama: becoming mindful.
[    0.024277] AppArmor: AppArmor initialized
[    0.040516] Dentry cache hash table entries: 131072 (order: 8, 1048576 bytes)
[    0.051402] Inode-cache hash table entries: 65536 (order: 7, 524288 bytes)
[    0.052291] Mount-cache hash table entries: 2048 (order: 2, 16384 bytes)
[    0.060261] Mountpoint-cache hash table entries: 2048 (order: 2, 16384 bytes)
[    0.070439] Last level iTLB entries: 4KB 0, 2MB 0, 4MB 0
[    0.072020] Last level dTLB entries: 4KB 0, 2MB 0, 4MB 0, 1GB 0
[    0.076023] Spectre V1 : Mitigation: usercopy/swapgs barriers and __user pointer sanitization
[    0.080021] Spectre V2 : Mitigation: Enhanced IBRS
[    0.084011] Spectre V2 : Spectre v2 / SpectreRSB mitigation: Filling RSB on context switch
[    0.088011] Spectre V2 : Spectre v2 / PBRSB-eIBRS: Retire a single CALL on VMEXIT
[    0.092012] RETBleed: Mitigation: Enhanced IBRS
[    0.096018] Speculative Store Bypass: Vulnerable
[    0.100353] Freeing SMP alternatives memory: 36K
[    0.222569] smpboot: CPU0: Intel(R) Core(TM) Ultra 7 258V (family: 0x6, model: 0xbd, stepping: 0x1)
[    0.225344] Performance Events: unsupported p6 CPU model 189 no PMU driver, software events only.
[    0.228423] Hierarchical SRCU implementation.
[    0.236074] NMI watchdog: Perf event create on CPU 0 failed with -2
[    0.240192] NMI watchdog: Perf NMI watchdog permanently disabled
[    0.244923] smp: Bringing up secondary CPUs ...
[    0.250036] x86: Booting SMP configuration:
[    0.252010] .... node  #0, CPUs:      #1
[    0.004000] kvm-clock: cpu 1, msr 0:3ff44041, secondary cpu clock
[    0.268192] smp: Brought up 1 node, 2 CPUs
[    0.272015] smpboot: Max logical packages: 1
[    0.276012] smpboot: Total of 2 processors activated (13209.64 BogoMIPS)
[    0.288018] devtmpfs: initialized
[    0.292399] x86/mm: Memory block size: 128MB
[    0.300524] evm: security.selinux
[    0.304009] evm: security.SMACK64
[    0.308000] evm: security.SMACK64EXEC
[    0.308009] evm: security.SMACK64TRANSMUTE
[    0.312010] evm: security.SMACK64MMAP
[    0.320011] evm: security.apparmor
[    0.324008] evm: security.ima
[    0.328000] evm: security.capability
[    0.332184] clocksource: jiffies: mask: 0xffffffff max_cycles: 0xffffffff, max_idle_ns: 7645041785100000 ns
[    0.336025] futex hash table entries: 512 (order: 3, 32768 bytes)
[    0.344501] pinctrl core: initialized pinctrl subsystem
[    0.352310] RTC time:  5:07:09, date: 06/03/25
[    0.360785] NET: Registered protocol family 16
[    0.364179] audit: initializing netlink subsys (disabled)
[    0.368334] audit: type=2000 audit(1748927234.823:1): state=initialized audit_enabled=0 res=1
[    0.384030] cpuidle: using governor ladder
[    0.388017] cpuidle: using governor menu
[    0.392118] ACPI: bus type PCI registered
[    0.396008] acpiphp: ACPI Hot Plug PCI Controller Driver version: 0.5
[    0.400767] PCI: Using configuration type 1 for base access
[    0.412496] HugeTLB registered 2.00 MiB page size, pre-allocated 0 pages
[    0.424476] ACPI: Added _OSI(Module Device)
[    0.436009] ACPI: Added _OSI(Processor Device)
[    0.444004] ACPI: Added _OSI(3.0 _SCP Extensions)
[    0.456026] ACPI: Added _OSI(Processor Aggregator Device)
[    0.472026] ACPI: Added _OSI(Linux-Dell-Video)
[    0.496039] ACPI: Added _OSI(Linux-Lenovo-NV-HDMI-Audio)
[    0.520023] ACPI: Added _OSI(Linux-HPI-Hybrid-Graphics)
[    0.541167] ACPI: Executed 1 blocks of module-level executable AML code
[    0.573075] ACPI: Interpreter enabled
[    0.584085] ACPI: (supports S0 S5)
[    0.596022] ACPI: Using IOAPIC for interrupt routing
[    0.612957] PCI: Using host bridge windows from ACPI; if necessary, use "pci=nocrs" and report a bug
[    0.628373] ACPI: Enabled 2 GPEs in block 00 to 07
[    0.662668] ACPI: PCI Root Bridge [PCI0] (domain 0000 [bus 00-ff])
[    0.676025] acpi PNP0A03:00: _OSC: OS supports [ASPM ClockPM Segments MSI]
[    0.693424] acpi PNP0A03:00: _OSC: not requesting OS control; OS requires [ExtendedConfig ASPM ClockPM MSI]
[    0.708031] acpi PNP0A03:00: fail to add MMCONFIG information, can't access extended PCI configuration space under this bridge.
[    0.729221] PCI host bridge to bus 0000:00
[    0.736015] pci_bus 0000:00: root bus resource [io  0x0000-0x0cf7 window]
[    0.748014] pci_bus 0000:00: root bus resource [io  0x0d00-0xffff window]
[    0.760016] pci_bus 0000:00: root bus resource [mem 0x000a0000-0x000bffff window]
[    0.772017] pci_bus 0000:00: root bus resource [mem 0x40000000-0xfdffffff window]
[    0.788029] pci_bus 0000:00: root bus resource [bus 00-ff]
[    0.818669] pci 0000:00:01.1: legacy IDE quirk: reg 0x10: [io  0x01f0-0x01f7]
[    0.828014] pci 0000:00:01.1: legacy IDE quirk: reg 0x14: [io  0x03f6]
[    0.844024] pci 0000:00:01.1: legacy IDE quirk: reg 0x18: [io  0x0170-0x0177]
[    0.860023] pci 0000:00:01.1: legacy IDE quirk: reg 0x1c: [io  0x0376]
[    0.926226] pci 0000:00:07.0: quirk: [io  0x4000-0x403f] claimed by PIIX4 ACPI
[    0.944115] pci 0000:00:07.0: quirk: [io  0x4100-0x410f] claimed by PIIX4 SMB
[    0.982140] ACPI: PCI Interrupt Link [LNKA] (IRQs 5 9 10 *11)
[    0.997377] ACPI: PCI Interrupt Link [LNKB] (IRQs 5 9 *10 11)
[    1.012596] ACPI: PCI Interrupt Link [LNKC] (IRQs 5 *9 10 11)
[    1.028603] ACPI: PCI Interrupt Link [LNKD] (IRQs 5 9 10 *11)
[    1.041560] SCSI subsystem initialized
[    1.052482] pci 0000:00:02.0: vgaarb: setting as boot VGA device
[    1.056000] pci 0000:00:02.0: vgaarb: VGA device added: decodes=io+mem,owns=io+mem,locks=none
[    1.088021] pci 0000:00:02.0: vgaarb: bridge control possible
[    1.100020] vgaarb: loaded
[    1.116220] ACPI: bus type USB registered
[    1.128080] usbcore: registered new interface driver usbfs
[    1.140148] usbcore: registered new interface driver hub
[    1.156076] usbcore: registered new device driver usb
[    1.168618] EDAC MC: Ver: 3.0.0
[    1.184668] PCI: Using ACPI for IRQ routing
[    1.197983] NetLabel: Initializing
[    1.204010] NetLabel:  domain hash size = 128
[    1.216012] NetLabel:  protocols = UNLABELED CIPSOv4 CALIPSO
[    1.228521] NetLabel:  unlabeled traffic allowed by default
[    1.244537] clocksource: Switched to clocksource kvm-clock
[    1.364810] VFS: Disk quotas dquot_6.6.0
[    1.373597] VFS: Dquot-cache hash table entries: 512 (order 0, 4096 bytes)
[    1.386515] AppArmor: AppArmor Filesystem Enabled
[    1.395670] pnp: PnP ACPI init
[    1.404723] pnp: PnP ACPI: found 3 devices
[    1.422225] clocksource: acpi_pm: mask: 0xffffff max_cycles: 0xffffff, max_idle_ns: 2085701024 ns
[    1.439861] NET: Registered protocol family 2
[    1.449709] IP idents hash table entries: 16384 (order: 5, 131072 bytes)
[    1.462450] TCP established hash table entries: 8192 (order: 4, 65536 bytes)
[    1.476016] TCP bind hash table entries: 8192 (order: 5, 131072 bytes)
[    1.488416] TCP: Hash tables configured (established 8192 bind 8192)
[    1.500978] UDP hash table entries: 512 (order: 2, 16384 bytes)
[    1.512466] UDP-Lite hash table entries: 512 (order: 2, 16384 bytes)
[    1.525210] NET: Registered protocol family 1
[    1.534755] pci 0000:00:00.0: Limiting direct PCI/PCI transfers
[    1.548418] pci 0000:00:01.0: Activating ISA DMA hang workarounds
[    1.560372] pci 0000:00:02.0: Video device with shadowed ROM at [mem 0x000c0000-0x000dffff]
[    1.576155] Unpacking initramfs...
[    2.234632] Freeing initrd memory: 20396K
[    2.355794] clocksource: tsc: mask: 0xffffffffffffffff max_cycles: 0x2f9a32777a4, max_idle_ns: 440795223205 ns
[    2.378929] platform rtc_cmos: registered platform RTC device (no PNP device found)
[    2.398231] Scanning for low memory corruption every 60 seconds
[    2.415154] Initialise system trusted keyrings
[    2.426024] Key type blacklist registered
[    2.437387] workingset: timestamp_bits=36 max_order=18 bucket_order=0
[    2.455573] zbud: loaded
[    2.469583] squashfs: version 4.0 (2009/01/31) Phillip Lougher
[    2.487225] fuse init (API version 7.26)
[    2.548048] Key type asymmetric registered
[    2.557557] Asymmetric key parser 'x509' registered
[    2.569088] Block layer SCSI generic (bsg) driver version 0.4 loaded (major 246)
[    2.587628] io scheduler noop registered
[    2.598972] io scheduler deadline registered
[    2.609464] io scheduler cfq registered (default)
[    2.622234] ACPI: AC Adapter [AC] (off-line)
[    2.634084] input: Power Button as /devices/LNXSYSTM:00/LNXPWRBN:00/input/input0
[    2.652739] ACPI: Power Button [PWRF]
[    2.663796] input: Sleep Button as /devices/LNXSYSTM:00/LNXSLPBN:00/input/input1
[    2.682248] ACPI: Sleep Button [SLPF]
[    2.694246] Serial: 8250/16550 driver, 32 ports, IRQ sharing enabled
[    2.698661] ACPI: Battery Slot [BAT0] (battery present)
[    2.765552] 00:02: ttyS0 at I/O 0x3f8 (irq = 4, base_baud = 115200) is a 16550A
[    2.784659] Linux agpgart interface v0.103
[    2.802230] loop: module loaded
[    2.817304] scsi host0: ata_piix
[    2.830526] scsi host1: ata_piix
[    2.841045] ata1: PATA max UDMA/33 cmd 0x1f0 ctl 0x3f6 bmdma 0xd000 irq 14
[    2.858901] ata2: PATA max UDMA/33 cmd 0x170 ctl 0x376 bmdma 0xd008 irq 15
[    2.876821] tun: Universal TUN/TAP device driver, 1.6
[    2.889522] PPP generic driver version 2.4.2
[    2.900909] ehci_hcd: USB 2.0 'Enhanced' Host Controller (EHCI) Driver
[    2.918828] ehci-pci: EHCI PCI platform driver
[    2.930085] ehci-platform: EHCI generic platform driver
[    2.942258] ohci_hcd: USB 1.1 'Open' Host Controller (OHCI) Driver
[    2.953054] ohci-pci: OHCI PCI platform driver
[    2.960632] ohci-platform: OHCI generic platform driver
[    2.969660] uhci_hcd: USB Universal Host Controller Interface driver
[    2.979202] i8042: PNP: PS/2 Controller [PNP0303:PS2K,PNP0f03:PS2M] at 0x60,0x64 irq 1,12
[    2.995735] serio: i8042 KBD port at 0x60,0x64 irq 1
[    3.004053] serio: i8042 AUX port at 0x60,0x64 irq 12
[    3.015976] mousedev: PS/2 mouse device common for all mice
[    3.031370] input: AT Translated Set 2 keyboard as /devices/platform/i8042/serio0/input/input2
[    3.094913] rtc_cmos rtc_cmos: rtc core: registered rtc_cmos as rtc0
[    3.109750] rtc_cmos rtc_cmos: alarms up to one day, 114 bytes nvram
[    3.122941] i2c /dev entries driver
[    3.131596] device-mapper: uevent: version 1.0.3
[    3.142161] device-mapper: ioctl: 4.37.0-ioctl (2017-09-20) initialised: dm-devel@redhat.com
[    3.160002] ledtrig-cpu: registered to indicate activity on CPUs
[    3.179074] NET: Registered protocol family 10
[    3.218357] Segment Routing with IPv6
[    3.227156] NET: Registered protocol family 17
[    3.241497] Key type dns_resolver registered
[    3.253738] mce: Using 0 MCE banks
[    3.262851] RAS: Correctable Errors collector initialized.
[    3.275322] sched_clock: Marking stable (3274992033, 0)->(4591862912, -1316870879)
[    3.299067] registered taskstats version 1
[    3.309589] Loading compiled-in X.509 certificates
[    3.334948] Loaded X.509 cert 'Build time autogenerated kernel key: cdc7189136aaa35407544516090e2034d9c28e14'
[    3.355727] Loaded X.509 cert 'Canonical Ltd. Live Patch Signing: 14df34d1a87cf37625abec039ef2bf521249b969'
[    3.377121] Loaded X.509 cert 'Canonical Ltd. Kernel Module Signing: 88f752e560a1e0737e31163a466ad7b70a850c19'
[    3.400874] blacklist: Loading compiled-in revocation X.509 certificates
[    3.416730] Loaded X.509 cert 'Canonical Ltd. Secure Boot Signing: 61482aa2830d0ab2ad5af10b7250da9033ddcef0'
[    3.435782] Loaded X.509 cert 'Canonical Ltd. Secure Boot Signing (2017): 242ade75ac4a15e50d50c84b0d45ff3eae707a03'
[    3.455226] Loaded X.509 cert 'Canonical Ltd. Secure Boot Signing (ESM 2018): 365188c1d374d6b07c3c8f240f8ef722433d6a8b'
[    3.474993] Loaded X.509 cert 'Canonical Ltd. Secure Boot Signing (2019): c0746fd6c5da3ae827864651ad66ae47fe24b3e8'
[    3.493914] Loaded X.509 cert 'Canonical Ltd. Secure Boot Signing (2021 v1): a8d54bbb3825cfb94fa13c9f8a594a195c107b8d'
[    3.513748] Loaded X.509 cert 'Canonical Ltd. Secure Boot Signing (2021 v2): 4cf046892d6fd3c9a5b03f98d845f90851dc6a8c'
[    3.534245] Loaded X.509 cert 'Canonical Ltd. Secure Boot Signing (2021 v3): 100437bb6de6e469b581e61cd66bce3ef4ed53af'
[    3.555521] Loaded X.509 cert 'Canonical Ltd. Secure Boot Signing (Ubuntu Core 2019): c1d57b8f6b743f23ee41f4f7ee292f06eecadfb9'
[    3.579516] zswap: loaded using pool lzo/zbud
[    3.616512] Key type big_key registered
[    3.626350] Key type trusted registered
[    3.647543] Key type encrypted registered
[    3.655805] AppArmor: AppArmor sha1 policy hashing enabled
[    3.666741] ima: No TPM chip found, activating TPM-bypass! (rc=-19)
[    3.680394] ima: Allocated hash algorithm: sha1
[    3.690677] evm: HMAC attrs: 0x1
[    3.699574]   Magic number: 13:815:111
[    3.709960] rtc_cmos rtc_cmos: setting system clock to 2025-06-03 05:07:13 UTC (1748927233)
[    3.732664] BIOS EDD facility v0.16 2004-Jun-25, 0 devices found
[    3.754273] EDD information not available.
[    3.770154] Freeing unused kernel image memory: 2480K
[    3.792651] Write protecting the kernel read-only data: 20480k
[    3.807244] Freeing unused kernel image memory: 2008K
[    3.817778] Freeing unused kernel image memory: 1820K
[    3.835737] x86/mm: Checked W+X mappings: passed, no W+X pages found.
Loading, please wait...
starting version 237
[    4.091751] e1000: Intel(R) PRO/1000 Network Driver - version 7.3.21-k8-NAPI
[    4.102689] e1000: Copyright (c) 1999-2006 Intel Corporation.
[    4.125795] Fusion MPT base driver 3.04.20
[    4.131234] Copyright (c) 1999-2008 LSI Corporation
[    4.200807] SSE version of gcm_enc/dec engaged.
[    4.227919] Fusion MPT SPI Host driver 3.04.20
[    4.416685] input: ImExPS/2 Generic Explorer Mouse as /devices/platform/i8042/serio1/input/input4
[    5.282611] e1000 0000:00:03.0 eth0: (PCI:33MHz:32-bit) 02:3b:7b:b7:3b:2d
[    5.295665] e1000 0000:00:03.0 eth0: Intel(R) PRO/1000 Network Connection
[    5.309856] mptbase: ioc0: Initiating bringup
[    5.311195] e1000 0000:00:03.0 enp0s3: renamed from eth0
[    5.435675] ioc0: LSI53C1030 A0: Capabilities={Initiator}
[    5.712785] scsi host2: ioc0: LSI53C1030 A0, FwRev=00000000h, Ports=1, MaxQ=256, IRQ=20
[    5.906244] scsi 2:0:0:0: Direct-Access     VBOX     HARDDISK         1.0  PQ: 0 ANSI: 5
[    5.952681] scsi target2:0:0: Beginning Domain Validation
[    5.970859] scsi target2:0:0: Domain Validation skipping write tests
[    5.976771] scsi target2:0:0: Ending Domain Validation
[    5.982814] scsi target2:0:0: asynchronous
[    5.992286] scsi 2:0:1:0: Direct-Access     VBOX     HARDDISK         1.0  PQ: 0 ANSI: 5
[    6.032500] scsi target2:0:1: Beginning Domain Validation
[    6.044813] scsi target2:0:1: Domain Validation skipping write tests
[    6.050690] scsi target2:0:1: Ending Domain Validation
[    6.055904] scsi target2:0:1: asynchronous
[    6.077336] sd 2:0:0:0: Attached scsi generic sg0 type 0
[    6.078383] sd 2:0:0:0: [sda] 83886080 512-byte logical blocks: (42.9 GB/40.0 GiB)
[    6.090052] sd 2:0:1:0: Attached scsi generic sg1 type 0
[    6.091235] sd 2:0:1:0: [sdb] 20480 512-byte logical blocks: (10.5 MB/10.0 MiB)
[    6.094501] sd 2:0:0:0: [sda] Write Protect is off
[    6.100646] sd 2:0:1:0: [sdb] Write Protect is off
[    6.113764] sd 2:0:1:0: [sdb] Incomplete mode parameter data
[    6.113767] sd 2:0:0:0: [sda] Incomplete mode parameter data
[    6.119414] sd 2:0:1:0: [sdb] Assuming drive cache: write through
[    6.124679] sd 2:0:0:0: [sda] Assuming drive cache: write through
[    6.153262]  sda: sda1
[    6.157402] sd 2:0:1:0: [sdb] Attached SCSI disk
[    6.161841] sd 2:0:0:0: [sda] Attached SCSI disk
Begin: Loading essential drivers ... [    8.284644] raid6: sse2x1   gen() 13443 MB/s
[    8.336169] raid6: sse2x1   xor()  9713 MB/s
[    8.388148] raid6: sse2x2   gen() 21075 MB/s
[    8.440258] raid6: sse2x2   xor() 11591 MB/s
[    8.492376] raid6: sse2x4   gen() 17794 MB/s
[    8.544994] raid6: sse2x4   xor()  5659 MB/s
[    8.556343] raid6: using algorithm sse2x2 gen() 21075 MB/s
[    8.570733] raid6: .... xor() 11591 MB/s, rmw enabled
[    8.585217] raid6: using ssse3x2 recovery algorithm
[    8.601397] xor: measuring software checksum speed
[   13.974237]    prefetch64-sse: -397646.-296 MB/sec
[   14.073459]    generic_sse: 41801.000 MB/sec
[   14.081862] xor: using function: generic_sse (41801.000 MB/sec)
[   14.106497] async_tx: api initialized (async)
done.
Begin: Running /scripts/init-premount ... done.
Begin: Mounting root file system ... Begin: Running /scripts/local-top ... done.
Begin: Running /scripts/local-premount ... [   14.184863] Btrfs loaded, crc32c=crc32c-intel
Scanning for Btrfs filesystems
done.
Begin: Will now check root file system ... fsck from util-linux 2.31.1
[/sbin/fsck.ext4 (1) -- /dev/sda1] fsck.ext4 -a -C0 /dev/sda1 
cloudimg-rootfs: clean, 113855/5120000 files, 821974/10485499 blocks
done.
[   14.354319] EXT4-fs (sda1): mounted filesystem with ordered data mode. Opts: (null)
done.
Begin: Running /scripts/local-bottom ... done.
Begin: Running /scripts/init-bottom ... done.
[   14.901085] ip_tables: (C) 2000-2006 Netfilter Core Team
[   14.950962] systemd[1]: systemd 237 running in system mode. (+PAM +AUDIT +SELINUX +IMA +APPARMOR +SMACK +SYSVINIT +UTMP +LIBCRYPTSETUP +GCRYPT +GNUTLS +ACL +XZ +LZ4 +SECCOMP +BLKID +ELFUTILS +KMOD -IDN2 +IDN -PCRE2 default-hierarchy=hybrid)
[   14.991040] systemd[1]: Detected virtualization oracle.
[   15.003187] systemd[1]: Detected architecture x86-64.

Welcome to [1mUbuntu 18.04.6 LTS[0m!

[   15.086474] systemd[1]: Set hostname to <ubuntu-bionic>.
[   15.791656] systemd[1]: Started Forward Password Requests to Wall Directory Watch.
[[0;32m  OK  [0m] Started Forward Password Requests to Wall Directory Watch.
[   15.838684] systemd[1]: Created slice System Slice.
[[0;32m  OK  [0m] Created slice System Slice.
[   15.855002] systemd[1]: Listening on Syslog Socket.
[[0;32m  OK  [0m] Listening on Syslog Socket.
[   15.884569] systemd[1]: Listening on LVM2 metadata daemon socket.
[[0;32m  OK  [0m] Listening on LVM2 metadata daemon socket.
[   15.908129] systemd[1]: Listening on fsck to fsckd communication Socket.
[[0;32m  OK  [0m] Listening on fsck to fsckd communication Socket.
[   15.931496] systemd[1]: Listening on Journal Socket (/dev/log).
[[0;32m  OK  [0m] Listening on Journal Socket (/dev/log).
[[0;32m  OK  [0m] Listening on udev Control Socket.
[[0;32m  OK  [0m] Reached target Swap.
[[0;32m  OK  [0m] Listening on udev Kernel Socket.
[[0;32m  OK  [0m] Listening on Journal Audit Socket.
[[0;32m  OK  [0m] Reached target User and Group Name Lookups.
[[0;32m  OK  [0m] Listening on Journal Socket.
         Starting Journal Service...
         Starting Set the console keyboard layout...
         Starting udev Coldplug all Devices...
         Mounting POSIX Message Queue File System...
         Starting Uncomplicated firewall...
[[0;32m  OK  [0m] Reached target Mounting snaps.
[[0;32m  OK  [0m] Reached target Mounted snaps.
[[0;32m  OK  [0m] Created slice User and Session Slice.
[[0;32m  OK  [0m] Listening on /dev/initctl Compatibility Named Pipe.
[[0;32m  OK  [0m] Reached target Slices.
[[0;32m  OK  [0m] Listening on Network Service Netlink Socket.
[[0;32m  OK  [0m] Created slice system-serial\x2dgetty.slice.
[[0;32m  OK  [0m] Set up automount Arbitrary Executabâ€¦rmats File System Automount Point.
         Mounting Huge Pages File System...
[[0;32m  OK  [0m] Listening on LVM2 poll daemon socket.
[[0;32m  OK  [0m] Reached target System Time Synchronized.
[[0;32m  OK  [0m] Listening on Device-mapper event daemon FIFOs.
         Starting Monitoring of LVM2 mirrorsâ€¦ng dmeventd or progress polling...
         Mounting Kernel Debug File System...
         Starting Load Kernel Modules...
         Starting Create list of required stâ€¦ce nodes for the current kernel...
         Starting Remount Root and Kernel File Systems...
[[0;32m  OK  [0m] Started Journal Service.
[[0;32m  OK  [0m] Mounted POSIX Message Queue File System.
[[0;32m  OK  [0m] Started Uncomplicated firewall.
[[0;32m  OK  [0m] Mounted Huge Pages File System.
[[0;32m  OK  [0m] Mounted Kernel Debug File System.
[   16.232740] Loading iSCSI transport class v2.0-870.
[[0;32m  OK  [0m] Started udev Coldplug all Devices.
[[0;32m  OK  [0m] Started Create list of required staâ€¦vice nodes for the current kernel.
         Starting Create Static Device Nodes in /dev...
[[0;32m  OK  [0m] Started LVM2 metadata daemon.
[   16.352805] iscsi: registered transport (tcp)
[   16.432306] EXT4-fs (sda1): re-mounted. Opts: (null)
[[0;32m  OK  [0m] Started Create Static Device Nodes in /dev.
[[0;32m  OK  [0m] Started Remount Root and Kernel File Systems.
         Starting Load/Save Random Seed...
[   16.500115] iscsi: registered transport (iser)
         Starting Flush Journal to Persistent Storage...
         Starting udev Kernel Device Manager...
[[0;32m  OK  [0m] Started Set the console keyboard layout.
[[0;32m  OK  [0m] Started Monitoring of LVM2 mirrors,â€¦sing dmeventd or progress polling.
[[0;32m  OK  [0m] Started Load Kernel Modules.
[[0;32m  OK  [0m] Started Load/Save Random Seed.
         Mounting FUSE Control File System...
         Mounting Kernel Configuration File System...
         Starting Apply Kernel Variables...
[[0;32m  OK  [0m] Reached target Local File Systems (Pre).
[[0;32m  OK  [0m] Reached target Local File Systems.
         Starting Tell Plymouth To Write Out Runtime Data...
         Starting AppArmor initialization...
         Starting Set console font and keymap...
         Starting ebtables ruleset management...
[[0;32m  OK  [0m] Started udev Kernel Device Manager.
[[0;32m  OK  [0m] Mounted FUSE Control File System.
[[0;32m  OK  [0m] Mounted Kernel Configuration File System.
[[0;32m  OK  [0m] Started Tell Plymouth To Write Out Runtime Data.
[   16.742946] systemd-journald[421]: Received request to flush runtime journal from PID 1
[[0;32m  OK  [0m] Started Dispatch Password Requests to Console Directory Watch.
[[0;32m  OK  [0m] Reached target Local Encrypted Volumes.
[[0;32m  OK  [0m] Started Set console font and keymap.
[[0;32m  OK  [0m] Started Apply Kernel Variables.
[[0;32m  OK  [0m] Started Flush Journal to Persistent Storage.
[[0;32m  OK  [0m] Started ebtables ruleset management.
         Starting Create Volatile Files and Directories...
[[0;32m  OK  [0m] Started Create Volatile Files and Directories.
         Starting Update UTMP about System Boot/Shutdown...
[[0;32m  OK  [0m] Started Update UTMP about System Boot/Shutdown.
[[0;32m  OK  [0m] Found device /dev/ttyS0.
[[0;32m  OK  [0m] Started AppArmor initialization.
[[0;32m  OK  [0m] Listening on Load/Save RF Kill Switch Status /dev/rfkill Watch.
         Starting Load AppArmor profiles managed internally by snapd...
         Starting Initial cloud-init job (pre-networking)...
         Mounting Arbitrary Executable File Formats File System...
[[0;32m  OK  [0m] Mounted Arbitrary Executable File Formats File System.
[[0;32m  OK  [0m] Started Load AppArmor profiles managed internally by snapd.
[   20.669852] cloud-init[566]: Cloud-init v. 23.1.2-0ubuntu0~18.04.1 running 'init-local' at Tue, 03 Jun 2025 05:07:30 +0000. Up 20.33 seconds.
[[0;32m  OK  [0m] Started Initial cloud-init job (pre-networking).
[[0;32m  OK  [0m] Reached target Network (Pre).
         Starting Network Service...
[[0;32m  OK  [0m] Started Network Service.
         Starting Network Name Resolution...
         Starting Wait for Network to be Configured...
[[0;32m  OK  [0m] Started Network Name Resolution.
[[0;32m  OK  [0m] Reached target Network.
[[0;32m  OK  [0m] Reached target Host and Network Name Lookups.
[[0;32m  OK  [0m] Started Wait for Network to be Configured.
         Starting Initial cloud-init job (metadata service crawler)...
[   22.656462] cloud-init[733]: Cloud-init v. 23.1.2-0ubuntu0~18.04.1 running 'init' at Tue, 03 Jun 2025 05:07:32 +0000. Up 22.49 seconds.
[   22.663366] cloud-init[733]: ci-info: +++++++++++++++++++++++++++++++++++++++++++Net device info++++++++++++++++++++++++++++++++++++++++++++
[   22.669526] cloud-init[733]: ci-info: +--------+------+---------------------------------------+---------------+--------+-------------------+
[   22.676085] cloud-init[733]: ci-info: | Device |  Up  |                Address                |      Mask     | Scope  |     Hw-Address    |
[   22.681823] cloud-init[733]: ci-info: +--------+------+---------------------------------------+---------------+--------+-------------------+
[   22.688874] cloud-init[733]: ci-info: | enp0s3 | True |               10.0.2.15               | 255.255.255.0 | global | 02:3b:7b:b7:3b:2d |
[   22.694224] cloud-init[733]: ci-info: | enp0s3 | True | fd17:625c:f037:2:3b:7bff:feb7:3b2d/64 |       .       | global | 02:3b:7b:b7:3b:2d |
[   22.699804] cloud-init[733]: ci-info: | enp0s3 | True |       fe80::3b:7bff:feb7:3b2d/64      |       .       |  link  | 02:3b:7b:b7:3b:2d |
[   22.705958] cloud-init[733]: ci-info: |   lo   | True |               127.0.0.1               |   255.0.0.0   |  host  |         .         |
[   22.713610] cloud-init[733]: ci-info: |   lo   | True |                ::1/128                |       .       |  host  |         .         |
[   22.720644] cloud-init[733]: ci-info: +--------+------+---------------------------------------+---------------+--------+-------------------+
[   22.726530] cloud-init[733]: ci-info: ++++++++++++++++++++++++++++Route IPv4 info+++++++++++++++++++++++++++++
[   22.732168] cloud-init[733]: ci-info: +-------+-------------+----------+-----------------+-----------+-------+
[   22.739609] cloud-init[733]: ci-info: | Route | Destination | Gateway  |     Genmask     | Interface | Flags |
[   22.745103] cloud-init[733]: ci-info: +-------+-------------+----------+-----------------+-----------+-------+
[   22.751436] cloud-init[733]: ci-info: |   0   |   0.0.0.0   | 10.0.2.2 |     0.0.0.0     |   enp0s3  |   UG  |
[   22.757272] cloud-init[733]: ci-info: |   1   |   10.0.2.0  | 0.0.0.0  |  255.255.255.0  |   enp0s3  |   U   |
[   22.763405] cloud-init[733]: ci-info: |   2   |   10.0.2.2  | 0.0.0.0  | 255.255.255.255 |   enp0s3  |   UH  |
[   22.770010] cloud-init[733]: ci-info: +-------+-------------+----------+-----------------+-----------+-------+
[   22.776110] cloud-init[733]: ci-info: ++++++++++++++++++++++++Route IPv6 info++++++++++++++++++++++++
[   22.782368] cloud-init[733]: ci-info: +-------+-----------------------+---------+-----------+-------+
[   22.786834] cloud-init[733]: ci-info: | Route |      Destination      | Gateway | Interface | Flags |
[   22.791591] cloud-init[733]: ci-info: +-------+-----------------------+---------+-----------+-------+
[   22.798368] cloud-init[733]: ci-info: |   1   | fd17:625c:f037:2::/64 |    ::   |   enp0s3  |   U   |
[   22.804122] cloud-init[733]: ci-info: |   2   |       fe80::/64       |    ::   |   enp0s3  |   U   |
[   22.810314] cloud-init[733]: ci-info: |   3   |          ::/0         | fe80::2 |   enp0s3  |   UG  |
[   22.827745] cloud-init[733]: ci-info: |   5   |         local         |    ::   |   enp0s3  |   U   |
[   22.843464] cloud-init[733]: ci-info: |   6   |        ff00::/8       |    ::   |   enp0s3  |   U   |
[   22.860054] cloud-init[733]: ci-info: +-------+-----------------------+---------+-----------+-------+
[[0;32m  OK  [0m] Started Initial cloud-init job (metadata service crawler).
[[0;32m  OK  [0m] Reached target System Initialization.
[[0;32m  OK  [0m] Listening on D-Bus System Message Bus Socket.
[[0;32m  OK  [0m] Listening on cloud-init hotplug hook socket.
[[0;32m  OK  [0m] Listening on ACPID Listen Socket.
         Starting Socket activation for snappy daemon.
         Starting LXD - unix socket.
[[0;32m  OK  [0m] Started Discard unused blocks once a week.
[[0;32m  OK  [0m] Listening on Open-iSCSI iscsid Socket.
[[0;32m  OK  [0m] Started ACPI Events Check.
[[0;32m  OK  [0m] Listening on UUID daemon activation socket.
[[0;32m  OK  [0m] Started Message of the Day.
[[0;32m  OK  [0m] Reached target Paths.
[[0;32m  OK  [0m] Started Daily apt upgrade and clean activities.
[[0;32m  OK  [0m] Started Ubuntu Advantage Timer for running repeated jobs.
[[0;32m  OK  [0m] Started Daily Cleanup of Temporary Directories.
[[0;32m  OK  [0m] Reached target Timers.
[[0;32m  OK  [0m] Reached target Cloud-config availability.
[[0;32m  OK  [0m] Reached target Network is Online.
         Starting Availability of block devices...
[[0;32m  OK  [0m] Reached target Remote File Systems (Pre).
         Mounting /vagrant...
[[0;32m  OK  [0m] Listening on Socket activation for snappy daemon.
[[0;32m  OK  [0m] Listening on LXD - unix socket.
[[0;32m  OK  [0m] Started Availability of block devices.
[[0;32m  OK  [0m] Reached target Sockets.
[[0;32m  OK  [0m] Reached target Basic System.
         Starting Login Service...
         Starting LSB: Record successful boot for GRUB...
[[0;32m  OK  [0m] Reached target Login Prompts (Pre).
         Starting LXD - container startup/shutdown...
         Starting Accounts Service...
[[0;32m  OK  [0m] Started Regular background program processing daemon.
[[0;32m  OK  [0m] Started irqbalance daemon.
[[0;32m  OK  [0m] Started FUSE filesystem for LXC.
         Starting Dispatcher daemon for systemd-networkd...
[[0;32m  OK  [0m] Started D-Bus System Message Bus.
[[0;32m  OK  [0m] Started Login Service.
         Starting System Logging Service...
[[0;32m  OK  [0m] Started Deferred execution scheduler.
[[0;32m  OK  [0m] Started Unattended Upgrades Shutdown.
         Starting vboxadd.service...
         Starting OpenBSD Secure Shell server...
         Starting Snap Daemon...
[[0;32m  OK  [0m] Started System Logging Service.
[[0;1;31mFAILED[0m] Failed to mount /vagrant.
See 'systemctl status vagrant.mount' for details.
[[0;1;33mDEPEND[0m] Dependency failed for Remote File Systems.
         Starting Authorization Manager...
         Starting Hostname Service...
         Starting Permit User Sessions...
         Starting LSB: automatic crash report generation...
[[0;32m  OK  [0m] Started LXD - container startup/shutdown.
[[0;32m  OK  [0m] Started Permit User Sessions.
[[0;32m  OK  [0m] Started OpenBSD Secure Shell server.
         Starting Hold until boot process finishes up...
         Starting Terminate Plymouth Boot Screen...
[[0;32m  OK  [0m] Started Hold until boot process finishes up.
         Starting Set console scheme...
[[0;32m  OK  [0m] Started Serial Getty on ttyS0.
[[0;32m  OK  [0m] Started Terminate Plymouth Boot Screen.
[[0;32m  OK  [0m] Started Set console scheme.
[[0;32m  OK  [0m] Created slice system-getty.slice.
[[0;32m  OK  [0m] Started Getty on tty1.
[[0;32m  OK  [0m] Reached target Login Prompts.
[[0;32m  OK  [0m] Started LSB: Record successful boot for GRUB.
[[0;32m  OK  [0m] Started Authorization Manager.
[[0;32m  OK  [0m] Started Accounts Service.
[[0;32m  OK  [0m] Started Hostname Service.
[[0;32m  OK  [0m] Started LSB: automatic crash report generation.
[[0;32m  OK  [0m] Started Dispatcher daemon for systemd-networkd.
[[0;32m  OK  [0m] Created slice User Slice of vagrant.
         Starting User Manager for UID 1000...
[[0;32m  OK  [0m] Started Session 1 of user vagrant.
[[0;32m  OK  [0m] Started User Manager for UID 1000.
[[0;32m  OK  [0m] Started vboxadd.service.
         Starting vboxadd-service.service...
[[0;32m  OK  [0m] Started Snap Daemon.
         Starting Wait until snapd is fully seeded...
[[0;32m  OK  [0m] Started vboxadd-service.service.
         Starting Time & Date Service...
[[0;32m  OK  [0m] Started Time & Date Service.
[[0;32m  OK  [0m] Started Wait until snapd is fully seeded.
         Starting Apply the settings specified in cloud-config...
[   26.881686] cloud-init[1407]: Cloud-init v. 23.1.2-0ubuntu0~18.04.1 running 'modules:config' at Tue, 03 Jun 2025 05:07:36 +0000. Up 26.66 seconds.
[[0;32m  OK  [0m] Started Apply the settings specified in cloud-config.
[[0;32m  OK  [0m] Reached target Multi-User System.
         Starting Execute cloud user/final scripts...
[[0;32m  OK  [0m] Reached target Graphical Interface.
         Starting Update UTMP about System Runlevel Changes...
[[0;32m  OK  [0m] Started Update UTMP about System Runlevel Changes.
[   27.969336] cloud-init[1467]: Cloud-init v. 23.1.2-0ubuntu0~18.04.1 running 'modules:final' at Tue, 03 Jun 2025 05:07:37 +0000. Up 27.71 seconds.
[   27.978736] cloud-init[1467]: Cloud-init v. 23.1.2-0ubuntu0~18.04.1 finished at Tue, 03 Jun 2025 05:07:37 +0000. Datasource DataSourceNoCloud [seed=/dev/sdb][dsmode=net].  Up 27.94 seconds
[[0;32m  OK  [0m] Started Execute cloud user/final scripts.
[[0;32m  OK  [0m] Reached target Cloud-init target.

Ubuntu 18.04.6 LTS ubuntu-bionic ttyS0

ubuntu-bionic login: 